// Vitest Snapshot v1, https://vitest.dev/guide/snapshot.html

exports[`BlogCardPlaceholder > renders the placeholder card 1`] = `"<div class="card card__blog card__blog--placeholder" aria-hidden="true"> <div class="card__blog--placeholder-inner"> <span class="card__blog--placeholder-label">More posts coming soon</span> </div> </div>"`;
