// Vitest Snapshot v1, https://vitest.dev/guide/snapshot.html

exports[`BlogCardPlaceholder > renders the placeholder card 1`] = `"<div class="card card__blog card__blog--placeholder" aria-hidden="true" data-astro-source-file="/Users/rrajaratnam/SynologyDrive/Code/workspace/web-sourcier.uk/src/components/BlogCardPlaceholder.astro" data-astro-source-loc="5:73"> <div class="card__blog--placeholder-inner" data-astro-source-file="/Users/rrajaratnam/SynologyDrive/Code/workspace/web-sourcier.uk/src/components/BlogCardPlaceholder.astro" data-astro-source-loc="6:46"> <span class="card__blog--placeholder-label" data-astro-source-file="/Users/rrajaratnam/SynologyDrive/Code/workspace/web-sourcier.uk/src/components/BlogCardPlaceholder.astro" data-astro-source-loc="7:49">More posts coming soon</span> </div> </div>"`;
