// Vitest Snapshot v1, https://vitest.dev/guide/snapshot.html

exports[`MailingListCTA > renders the mailing list sign-up section 1`] = `
"<section class="mailing-cta stack-space stack-space--tight"> <div class="container is-max-desktop"> <div class="mailing-cta__card" aria-labelledby="mailing-cta-heading"> <div class="mailing-cta__inner"> <div class="mailing-cta__copy"> <p class="mailing-cta__kicker">
Free · Practical · One email per post
</p> <h2 class="mailing-cta__heading" id="mailing-cta-heading">
Get practical engineering notes
</h2> <p class="mailing-cta__body">
One short email when a new article goes live. Useful if you are
            breaking into tech, growing as an engineer, or improving engineering
            practice on your team.
</p> </div> <form class="mailing-cta__form" id="mailing-cta-form" novalidate aria-label="Newsletter sign up"> <p class="mailing-cta__honeypot" aria-hidden="true"> <label for="mailing-cta-website">Leave this blank</label> <input id="mailing-cta-website" name="website" type="text" tabindex="-1" autocomplete="off"> </p> <div class="mailing-cta__field"> <label for="mailing-cta-email" class="mailing-cta__label"> <span class="mailing-cta__label-title">Email for new posts</span> <span class="mailing-cta__label-note">One short email when something practical goes live.</span> </label> <input id="mailing-cta-email" name="email" type="email" class="input mailing-cta__input" placeholder="you@example.com" autocomplete="email" required> <button type="submit" class="button mailing-cta__btn">
Join the list
</button> </div> <p class="mailing-cta__feedback" id="mailing-cta-feedback" aria-live="polite" hidden></p> </form> </div> </div> </div> </section> <script type="module" src="/Users/rrajaratnam/SynologyDrive/Code/workspace/web-sourcier.uk/src/components/MailingListCTA.astro?astro&type=script&index=0&lang.ts"></script>"
`;
