// Vitest Snapshot v1, https://vitest.dev/guide/snapshot.html

exports[`MailingListCTASidebar > renders the sidebar subscribe widget 1`] = `
"<div class="sidebar-subscribe" aria-labelledby="sidebar-subscribe-heading"> <p class="sidebar-subscribe__kicker">Free · Practical · One email per post</p> <p class="sidebar-subscribe__heading" id="sidebar-subscribe-heading">
Get practical software engineering notes
</p> <p class="sidebar-subscribe__body">
Useful if you are transitioning into tech, trying to grow as an engineer, or
    working on stronger engineering practice across your team.
</p> <form id="sidebar-subscribe-form" novalidate aria-label="Newsletter sign up"> <p class="sidebar-subscribe__honeypot" aria-hidden="true"> <label for="sidebar-subscribe-website">Leave this blank</label> <input id="sidebar-subscribe-website" name="website" type="text" tabindex="-1" autocomplete="off"> </p> <label for="sidebar-subscribe-email" class="is-sr-only">Email address</label> <input id="sidebar-subscribe-email" name="email" type="email" class="sidebar-subscribe__input" placeholder="your@email.com" autocomplete="email" required> <button type="submit" class="sidebar-subscribe__btn">
Join the list
</button> <p class="sidebar-subscribe__feedback" id="sidebar-subscribe-feedback" aria-live="polite" hidden></p> </form> </div>"
`;
